------------------------------------------------------------
Timing Analyzer Summary
------------------------------------------------------------

Type  : Slow 1200mV 85C Model Setup 'clk'
Slack : -4.353
TNS   : -54.498

Type  : Slow 1200mV 85C Model Setup 'relojlento:u1|sclk'
Slack : -0.516
TNS   : -0.675

Type  : Slow 1200mV 85C Model Hold 'relojlento:u1|sclk'
Slack : 0.347
TNS   : 0.000

Type  : Slow 1200mV 85C Model Hold 'clk'
Slack : 0.632
TNS   : 0.000

Type  : Slow 1200mV 85C Model Minimum Pulse Width 'clk'
Slack : -3.000
TNS   : -39.478

Type  : Slow 1200mV 85C Model Minimum Pulse Width 'relojlento:u1|sclk'
Slack : -1.403
TNS   : -5.612

Type  : Slow 1200mV 0C Model Setup 'clk'
Slack : -3.982
TNS   : -47.971

Type  : Slow 1200mV 0C Model Setup 'relojlento:u1|sclk'
Slack : -0.391
TNS   : -0.451

Type  : Slow 1200mV 0C Model Hold 'relojlento:u1|sclk'
Slack : 0.311
TNS   : 0.000

Type  : Slow 1200mV 0C Model Hold 'clk'
Slack : 0.584
TNS   : 0.000

Type  : Slow 1200mV 0C Model Minimum Pulse Width 'clk'
Slack : -3.000
TNS   : -39.478

Type  : Slow 1200mV 0C Model Minimum Pulse Width 'relojlento:u1|sclk'
Slack : -1.403
TNS   : -5.612

Type  : Fast 1200mV 0C Model Setup 'clk'
Slack : -1.338
TNS   : -8.945

Type  : Fast 1200mV 0C Model Setup 'relojlento:u1|sclk'
Slack : 0.368
TNS   : 0.000

Type  : Fast 1200mV 0C Model Hold 'relojlento:u1|sclk'
Slack : 0.151
TNS   : 0.000

Type  : Fast 1200mV 0C Model Hold 'clk'
Slack : 0.245
TNS   : 0.000

Type  : Fast 1200mV 0C Model Minimum Pulse Width 'clk'
Slack : -3.000
TNS   : -29.884

Type  : Fast 1200mV 0C Model Minimum Pulse Width 'relojlento:u1|sclk'
Slack : -1.000
TNS   : -4.000

------------------------------------------------------------
