Analysis & Synthesis report for ejercicio5
Wed Apr 29 15:52:01 2020
Quartus Prime Version 19.1.0 Build 670 09/22/2019 SJ Lite Edition


---------------------
; Table of Contents ;
---------------------
  1. Legal Notice
  2. Analysis & Synthesis Summary
  3. Analysis & Synthesis Settings
  4. Parallel Compilation
  5. Analysis & Synthesis Source Files Read
  6. Analysis & Synthesis Resource Usage Summary
  7. Analysis & Synthesis Resource Utilization by Entity
  8. User-Specified and Inferred Latches
  9. Registers Removed During Synthesis
 10. General Register Statistics
 11. Inverted Register Statistics
 12. Multiplexer Restructuring Statistics (Restructuring Performed)
 13. Parameter Settings for User Entity Instance: vga_controller:u2
 14. Parameter Settings for User Entity Instance: hw_image_generator:u3
 15. Port Connectivity Checks: "vga_controller:u2"
 16. Post-Synthesis Netlist Statistics for Top Partition
 17. Elapsed Time Per Partition
 18. Analysis & Synthesis Messages



----------------
; Legal Notice ;
----------------
Copyright (C) 2019  Intel Corporation. All rights reserved.
Your use of Intel Corporation's design tools, logic functions 
and other software and tools, and any partner logic 
functions, and any output files from any of the foregoing 
(including device programming or simulation files), and any 
associated documentation or information are expressly subject 
to the terms and conditions of the Intel Program License 
Subscription Agreement, the Intel Quartus Prime License Agreement,
the Intel FPGA IP License Agreement, or other applicable license
agreement, including, without limitation, that your use is for
the sole purpose of programming logic devices manufactured by
Intel and sold by Intel or its authorized distributors.  Please
refer to the applicable agreement for further details, at
https://fpgasoftware.intel.com/eula.



+----------------------------------------------------------------------------------+
; Analysis & Synthesis Summary                                                     ;
+------------------------------------+---------------------------------------------+
; Analysis & Synthesis Status        ; Successful - Wed Apr 29 15:52:01 2020       ;
; Quartus Prime Version              ; 19.1.0 Build 670 09/22/2019 SJ Lite Edition ;
; Revision Name                      ; ejercicio5                                  ;
; Top-level Entity Name              ; TOP                                         ;
; Family                             ; MAX 10                                      ;
; Total logic elements               ; 98                                          ;
;     Total combinational functions  ; 79                                          ;
;     Dedicated logic registers      ; 45                                          ;
; Total registers                    ; 45                                          ;
; Total pins                         ; 16                                          ;
; Total virtual pins                 ; 0                                           ;
; Total memory bits                  ; 0                                           ;
; Embedded Multiplier 9-bit elements ; 0                                           ;
; Total PLLs                         ; 0                                           ;
; UFM blocks                         ; 0                                           ;
; ADC blocks                         ; 0                                           ;
+------------------------------------+---------------------------------------------+


+------------------------------------------------------------------------------------------------------------+
; Analysis & Synthesis Settings                                                                              ;
+------------------------------------------------------------------+--------------------+--------------------+
; Option                                                           ; Setting            ; Default Value      ;
+------------------------------------------------------------------+--------------------+--------------------+
; Device                                                           ; 10M50DAF484C7G     ;                    ;
; Top-level entity name                                            ; TOP                ; ejercicio5         ;
; Family name                                                      ; MAX 10             ; Cyclone V          ;
; Use smart compilation                                            ; Off                ; Off                ;
; Enable parallel Assembler and Timing Analyzer during compilation ; On                 ; On                 ;
; Enable compact report table                                      ; Off                ; Off                ;
; Restructure Multiplexers                                         ; Auto               ; Auto               ;
; Create Debugging Nodes for IP Cores                              ; Off                ; Off                ;
; Preserve fewer node names                                        ; On                 ; On                 ;
; Intel FPGA IP Evaluation Mode                                    ; Enable             ; Enable             ;
; Verilog Version                                                  ; Verilog_2001       ; Verilog_2001       ;
; VHDL Version                                                     ; VHDL_1993          ; VHDL_1993          ;
; State Machine Processing                                         ; Auto               ; Auto               ;
; Safe State Machine                                               ; Off                ; Off                ;
; Extract Verilog State Machines                                   ; On                 ; On                 ;
; Extract VHDL State Machines                                      ; On                 ; On                 ;
; Ignore Verilog initial constructs                                ; Off                ; Off                ;
; Iteration limit for constant Verilog loops                       ; 5000               ; 5000               ;
; Iteration limit for non-constant Verilog loops                   ; 250                ; 250                ;
; Add Pass-Through Logic to Inferred RAMs                          ; On                 ; On                 ;
; Infer RAMs from Raw Logic                                        ; On                 ; On                 ;
; Parallel Synthesis                                               ; On                 ; On                 ;
; DSP Block Balancing                                              ; Auto               ; Auto               ;
; NOT Gate Push-Back                                               ; On                 ; On                 ;
; Power-Up Don't Care                                              ; On                 ; On                 ;
; Remove Redundant Logic Cells                                     ; Off                ; Off                ;
; Remove Duplicate Registers                                       ; On                 ; On                 ;
; Ignore CARRY Buffers                                             ; Off                ; Off                ;
; Ignore CASCADE Buffers                                           ; Off                ; Off                ;
; Ignore GLOBAL Buffers                                            ; Off                ; Off                ;
; Ignore ROW GLOBAL Buffers                                        ; Off                ; Off                ;
; Ignore LCELL Buffers                                             ; Off                ; Off                ;
; Ignore SOFT Buffers                                              ; On                 ; On                 ;
; Limit AHDL Integers to 32 Bits                                   ; Off                ; Off                ;
; Optimization Technique                                           ; Balanced           ; Balanced           ;
; Carry Chain Length                                               ; 70                 ; 70                 ;
; Auto Carry Chains                                                ; On                 ; On                 ;
; Auto Open-Drain Pins                                             ; On                 ; On                 ;
; Perform WYSIWYG Primitive Resynthesis                            ; Off                ; Off                ;
; Auto ROM Replacement                                             ; On                 ; On                 ;
; Auto RAM Replacement                                             ; On                 ; On                 ;
; Auto DSP Block Replacement                                       ; On                 ; On                 ;
; Auto Shift Register Replacement                                  ; Auto               ; Auto               ;
; Allow Shift Register Merging across Hierarchies                  ; Auto               ; Auto               ;
; Auto Clock Enable Replacement                                    ; On                 ; On                 ;
; Strict RAM Replacement                                           ; Off                ; Off                ;
; Allow Synchronous Control Signals                                ; On                 ; On                 ;
; Force Use of Synchronous Clear Signals                           ; Off                ; Off                ;
; Auto RAM Block Balancing                                         ; On                 ; On                 ;
; Auto RAM to Logic Cell Conversion                                ; Off                ; Off                ;
; Auto Resource Sharing                                            ; Off                ; Off                ;
; Allow Any RAM Size For Recognition                               ; Off                ; Off                ;
; Allow Any ROM Size For Recognition                               ; Off                ; Off                ;
; Allow Any Shift Register Size For Recognition                    ; Off                ; Off                ;
; Use LogicLock Constraints during Resource Balancing              ; On                 ; On                 ;
; Ignore translate_off and synthesis_off directives                ; Off                ; Off                ;
; Timing-Driven Synthesis                                          ; On                 ; On                 ;
; Report Parameter Settings                                        ; On                 ; On                 ;
; Report Source Assignments                                        ; On                 ; On                 ;
; Report Connectivity Checks                                       ; On                 ; On                 ;
; Ignore Maximum Fan-Out Assignments                               ; Off                ; Off                ;
; Synchronization Register Chain Length                            ; 2                  ; 2                  ;
; Power Optimization During Synthesis                              ; Normal compilation ; Normal compilation ;
; HDL message level                                                ; Level2             ; Level2             ;
; Suppress Register Optimization Related Messages                  ; Off                ; Off                ;
; Number of Removed Registers Reported in Synthesis Report         ; 5000               ; 5000               ;
; Number of Swept Nodes Reported in Synthesis Report               ; 5000               ; 5000               ;
; Number of Inverted Registers Reported in Synthesis Report        ; 100                ; 100                ;
; Clock MUX Protection                                             ; On                 ; On                 ;
; Auto Gated Clock Conversion                                      ; Off                ; Off                ;
; Block Design Naming                                              ; Auto               ; Auto               ;
; SDC constraint protection                                        ; Off                ; Off                ;
; Synthesis Effort                                                 ; Auto               ; Auto               ;
; Shift Register Replacement - Allow Asynchronous Clear Signal     ; On                 ; On                 ;
; Pre-Mapping Resynthesis Optimization                             ; Off                ; Off                ;
; Analysis & Synthesis Message Level                               ; Medium             ; Medium             ;
; Disable Register Merging Across Hierarchies                      ; Auto               ; Auto               ;
; Resource Aware Inference For Block RAM                           ; On                 ; On                 ;
+------------------------------------------------------------------+--------------------+--------------------+


+------------------------------------------+
; Parallel Compilation                     ;
+----------------------------+-------------+
; Processors                 ; Number      ;
+----------------------------+-------------+
; Number detected on machine ; 4           ;
; Maximum allowed            ; 2           ;
;                            ;             ;
; Average used               ; 1.00        ;
; Maximum used               ; 2           ;
;                            ;             ;
; Usage by Processor         ; % Time Used ;
;     Processor 1            ; 100.0%      ;
;     Processor 2            ;   0.0%      ;
+----------------------------+-------------+


+------------------------------------------------------------------------------------------------------------------------------------------------------------------+
; Analysis & Synthesis Source Files Read                                                                                                                           ;
+----------------------------------+-----------------+-----------------+---------------------------------------------------------------------------------+---------+
; File Name with User-Entered Path ; Used in Netlist ; File Type       ; File Name with Absolute Path                                                    ; Library ;
+----------------------------------+-----------------+-----------------+---------------------------------------------------------------------------------+---------+
; genMhz.vhd                       ; yes             ; User VHDL File  ; /home/murry/Documents/UNAM-CLASS-DDM-VHDL/tareas/tarea20/genMhz.vhd             ;         ;
; hw_image_generator.vhd           ; yes             ; User VHDL File  ; /home/murry/Documents/UNAM-CLASS-DDM-VHDL/tareas/tarea20/hw_image_generator.vhd ;         ;
; vga_controller.vhd               ; yes             ; User VHDL File  ; /home/murry/Documents/UNAM-CLASS-DDM-VHDL/tareas/tarea20/vga_controller.vhd     ;         ;
; TOP.vhd                          ; yes             ; User VHDL File  ; /home/murry/Documents/UNAM-CLASS-DDM-VHDL/tareas/tarea20/TOP.vhd                ;         ;
+----------------------------------+-----------------+-----------------+---------------------------------------------------------------------------------+---------+


+------------------------------------------------------------------+
; Analysis & Synthesis Resource Usage Summary                      ;
+---------------------------------------------+--------------------+
; Resource                                    ; Usage              ;
+---------------------------------------------+--------------------+
; Estimated Total logic elements              ; 98                 ;
;                                             ;                    ;
; Total combinational functions               ; 79                 ;
; Logic element usage by number of LUT inputs ;                    ;
;     -- 4 input functions                    ; 37                 ;
;     -- 3 input functions                    ; 9                  ;
;     -- <=2 input functions                  ; 33                 ;
;                                             ;                    ;
; Logic elements by mode                      ;                    ;
;     -- normal mode                          ; 61                 ;
;     -- arithmetic mode                      ; 18                 ;
;                                             ;                    ;
; Total registers                             ; 45                 ;
;     -- Dedicated logic registers            ; 45                 ;
;     -- I/O registers                        ; 0                  ;
;                                             ;                    ;
; I/O pins                                    ; 16                 ;
;                                             ;                    ;
; Embedded Multiplier 9-bit elements          ; 0                  ;
;                                             ;                    ;
; Maximum fan-out node                        ; genMhz:u1|clk25mhz ;
; Maximum fan-out                             ; 46                 ;
; Total fan-out                               ; 368                ;
; Average fan-out                             ; 2.36               ;
+---------------------------------------------+--------------------+


+--------------------------------------------------------------------------------------------------------------------------------------------------------------------------------------------------------------------------------------------------+
; Analysis & Synthesis Resource Utilization by Entity                                                                                                                                                                                              ;
+----------------------------+---------------------+---------------------------+-------------+------------+--------------+---------+-----------+------+--------------+------------+----------------------------+--------------------+--------------+
; Compilation Hierarchy Node ; Combinational ALUTs ; Dedicated Logic Registers ; Memory Bits ; UFM Blocks ; DSP Elements ; DSP 9x9 ; DSP 18x18 ; Pins ; Virtual Pins ; ADC blocks ; Full Hierarchy Name        ; Entity Name        ; Library Name ;
+----------------------------+---------------------+---------------------------+-------------+------------+--------------+---------+-----------+------+--------------+------------+----------------------------+--------------------+--------------+
; |TOP                       ; 79 (0)              ; 45 (0)                    ; 0           ; 0          ; 0            ; 0       ; 0         ; 16   ; 0            ; 0          ; |TOP                       ; TOP                ; work         ;
;    |genMhz:u1|             ; 1 (1)               ; 1 (1)                     ; 0           ; 0          ; 0            ; 0       ; 0         ; 0    ; 0            ; 0          ; |TOP|genMhz:u1             ; genMhz             ; work         ;
;    |hw_image_generator:u3| ; 18 (18)             ; 0 (0)                     ; 0           ; 0          ; 0            ; 0       ; 0         ; 0    ; 0            ; 0          ; |TOP|hw_image_generator:u3 ; hw_image_generator ; work         ;
;    |vga_controller:u2|     ; 60 (60)             ; 44 (44)                   ; 0           ; 0          ; 0            ; 0       ; 0         ; 0    ; 0            ; 0          ; |TOP|vga_controller:u2     ; vga_controller     ; work         ;
+----------------------------+---------------------+---------------------------+-------------+------------+--------------+---------+-----------+------+--------------+------------+----------------------------+--------------------+--------------+
Note: For table entries with two numbers listed, the numbers in parentheses indicate the number of resources of the given type used by the specific entity alone. The numbers listed outside of parentheses indicate the total resources of the given type used by the specific entity and all of its sub-entities in the hierarchy.


+----------------------------------------------------------------------------------------------------------+
; User-Specified and Inferred Latches                                                                      ;
+----------------------------------------------------+----------------------------+------------------------+
; Latch Name                                         ; Latch Enable Signal        ; Free of Timing Hazards ;
+----------------------------------------------------+----------------------------+------------------------+
; hw_image_generator:u3|red[0]                       ; vga_controller:u2|disp_ena ; yes                    ;
; hw_image_generator:u3|red[1]                       ; vga_controller:u2|disp_ena ; yes                    ;
; hw_image_generator:u3|red[2]                       ; vga_controller:u2|disp_ena ; yes                    ;
; hw_image_generator:u3|red[3]                       ; vga_controller:u2|disp_ena ; yes                    ;
; Number of user-specified and inferred latches = 4  ;                            ;                        ;
+----------------------------------------------------+----------------------------+------------------------+
Note: All latches listed above may not be present at the end of synthesis due to various synthesis optimizations.


+---------------------------------------------------------------------------------+
; Registers Removed During Synthesis                                              ;
+----------------------------------------+----------------------------------------+
; Register name                          ; Reason for Removal                     ;
+----------------------------------------+----------------------------------------+
; vga_controller:u2|column[10..30]       ; Stuck at GND due to stuck port data_in ;
; vga_controller:u2|row[9..30]           ; Stuck at GND due to stuck port data_in ;
; Total Number of Removed Registers = 43 ;                                        ;
+----------------------------------------+----------------------------------------+


+------------------------------------------------------+
; General Register Statistics                          ;
+----------------------------------------------+-------+
; Statistic                                    ; Value ;
+----------------------------------------------+-------+
; Total registers                              ; 45    ;
; Number of registers using Synchronous Clear  ; 0     ;
; Number of registers using Synchronous Load   ; 0     ;
; Number of registers using Asynchronous Clear ; 0     ;
; Number of registers using Asynchronous Load  ; 0     ;
; Number of registers using Clock Enable       ; 21    ;
; Number of registers using Preset             ; 0     ;
+----------------------------------------------+-------+


+--------------------------------------------------+
; Inverted Register Statistics                     ;
+----------------------------------------+---------+
; Inverted Register                      ; Fan out ;
+----------------------------------------+---------+
; vga_controller:u2|row[0]               ; 2       ;
; vga_controller:u2|column[0]            ; 2       ;
; vga_controller:u2|column[31]           ; 1       ;
; vga_controller:u2|row[31]              ; 1       ;
; Total number of inverted registers = 4 ;         ;
+----------------------------------------+---------+


+----------------------------------------------------------------------------------------------------------------------------------------------+
; Multiplexer Restructuring Statistics (Restructuring Performed)                                                                               ;
+--------------------+-----------+---------------+----------------------+------------------------+------------+--------------------------------+
; Multiplexer Inputs ; Bus Width ; Baseline Area ; Area if Restructured ; Saving if Restructured ; Registered ; Example Multiplexer Output     ;
+--------------------+-----------+---------------+----------------------+------------------------+------------+--------------------------------+
; 3:1                ; 10 bits   ; 20 LEs        ; 20 LEs               ; 0 LEs                  ; No         ; |TOP|vga_controller:u2|v_count ;
+--------------------+-----------+---------------+----------------------+------------------------+------------+--------------------------------+


+----------------------------------------------------------------+
; Parameter Settings for User Entity Instance: vga_controller:u2 ;
+----------------+-------+---------------------------------------+
; Parameter Name ; Value ; Type                                  ;
+----------------+-------+---------------------------------------+
; h_pulse        ; 96    ; Signed Integer                        ;
; h_bp           ; 48    ; Signed Integer                        ;
; h_pixels       ; 640   ; Signed Integer                        ;
; h_fp           ; 16    ; Signed Integer                        ;
; h_pol          ; '0'   ; Enumerated                            ;
; v_pulse        ; 2     ; Signed Integer                        ;
; v_bp           ; 33    ; Signed Integer                        ;
; v_pixels       ; 480   ; Signed Integer                        ;
; v_fp           ; 10    ; Signed Integer                        ;
; v_pol          ; '0'   ; Enumerated                            ;
+----------------+-------+---------------------------------------+
Note: In order to hide this table in the UI and the text report file, please set the "Show Parameter Settings in Synthesis Report" option in "Analysis and Synthesis Settings -> More Settings" to "Off".


+--------------------------------------------------------------------+
; Parameter Settings for User Entity Instance: hw_image_generator:u3 ;
+----------------+-------+-------------------------------------------+
; Parameter Name ; Value ; Type                                      ;
+----------------+-------+-------------------------------------------+
; pixels_y       ; 640   ; Signed Integer                            ;
; pixels_x       ; 480   ; Signed Integer                            ;
+----------------+-------+-------------------------------------------+
Note: In order to hide this table in the UI and the text report file, please set the "Show Parameter Settings in Synthesis Report" option in "Analysis and Synthesis Settings -> More Settings" to "Off".


+-----------------------------------------------+
; Port Connectivity Checks: "vga_controller:u2" ;
+---------+-------+----------+------------------+
; Port    ; Type  ; Severity ; Details          ;
+---------+-------+----------+------------------+
; reset_n ; Input ; Info     ; Stuck at VCC     ;
+---------+-------+----------+------------------+


+-----------------------------------------------------+
; Post-Synthesis Netlist Statistics for Top Partition ;
+-----------------------+-----------------------------+
; Type                  ; Count                       ;
+-----------------------+-----------------------------+
; boundary_port         ; 16                          ;
; cycloneiii_ff         ; 45                          ;
;     ENA               ; 21                          ;
;     plain             ; 24                          ;
; cycloneiii_lcell_comb ; 80                          ;
;     arith             ; 18                          ;
;         2 data inputs ; 18                          ;
;     normal            ; 62                          ;
;         0 data inputs ; 1                           ;
;         1 data inputs ; 5                           ;
;         2 data inputs ; 10                          ;
;         3 data inputs ; 9                           ;
;         4 data inputs ; 37                          ;
;                       ;                             ;
; Max LUT depth         ; 7.00                        ;
; Average LUT depth     ; 4.79                        ;
+-----------------------+-----------------------------+


+-------------------------------+
; Elapsed Time Per Partition    ;
+----------------+--------------+
; Partition Name ; Elapsed Time ;
+----------------+--------------+
; Top            ; 00:00:01     ;
+----------------+--------------+


+-------------------------------+
; Analysis & Synthesis Messages ;
+-------------------------------+
Info: *******************************************************************
Info: Running Quartus Prime Analysis & Synthesis
    Info: Version 19.1.0 Build 670 09/22/2019 SJ Lite Edition
    Info: Processing started: Wed Apr 29 15:51:45 2020
Info: Command: quartus_map --read_settings_files=on --write_settings_files=off ejercicio5 -c ejercicio5
Warning (18236): Number of processors has not been specified which may cause overloading on shared machines.  Set the global assignment NUM_PARALLEL_PROCESSORS in your QSF to an appropriate value for best performance.
Info (20030): Parallel compilation is enabled and will use 2 of the 2 processors detected
Info (12021): Found 2 design units, including 1 entities, in source file genMhz.vhd
    Info (12022): Found design unit 1: genMhz-arqgenMhz File: /home/murry/Documents/UNAM-CLASS-DDM-VHDL/tareas/tarea20/genMhz.vhd Line: 10
    Info (12023): Found entity 1: genMhz File: /home/murry/Documents/UNAM-CLASS-DDM-VHDL/tareas/tarea20/genMhz.vhd Line: 4
Info (12021): Found 2 design units, including 1 entities, in source file hw_image_generator.vhd
    Info (12022): Found design unit 1: hw_image_generator-behavior File: /home/murry/Documents/UNAM-CLASS-DDM-VHDL/tareas/tarea20/hw_image_generator.vhd Line: 39
    Info (12023): Found entity 1: hw_image_generator File: /home/murry/Documents/UNAM-CLASS-DDM-VHDL/tareas/tarea20/hw_image_generator.vhd Line: 26
Info (12021): Found 2 design units, including 1 entities, in source file vga_controller.vhd
    Info (12022): Found design unit 1: vga_controller-behavior File: /home/murry/Documents/UNAM-CLASS-DDM-VHDL/tareas/tarea20/vga_controller.vhd Line: 51
    Info (12023): Found entity 1: vga_controller File: /home/murry/Documents/UNAM-CLASS-DDM-VHDL/tareas/tarea20/vga_controller.vhd Line: 26
Info (12021): Found 2 design units, including 1 entities, in source file TOP.vhd
    Info (12022): Found design unit 1: TOP-arqTOP File: /home/murry/Documents/UNAM-CLASS-DDM-VHDL/tareas/tarea20/TOP.vhd Line: 24
    Info (12023): Found entity 1: TOP File: /home/murry/Documents/UNAM-CLASS-DDM-VHDL/tareas/tarea20/TOP.vhd Line: 4
Info (12127): Elaborating entity "TOP" for the top level hierarchy
Info (12129): Elaborating entity "genMhz" using architecture "A:arqgenmhz" for hierarchy "genMhz:u1" File: /home/murry/Documents/UNAM-CLASS-DDM-VHDL/tareas/tarea20/TOP.vhd Line: 33
Info (12129): Elaborating entity "vga_controller" using architecture "A:behavior" for hierarchy "vga_controller:u2" File: /home/murry/Documents/UNAM-CLASS-DDM-VHDL/tareas/tarea20/TOP.vhd Line: 35
Info (12129): Elaborating entity "hw_image_generator" using architecture "A:behavior" for hierarchy "hw_image_generator:u3" File: /home/murry/Documents/UNAM-CLASS-DDM-VHDL/tareas/tarea20/TOP.vhd Line: 45
Warning (10540): VHDL Signal Declaration warning at hw_image_generator.vhd(35): used explicit default value for signal "green" because signal was never assigned a value File: /home/murry/Documents/UNAM-CLASS-DDM-VHDL/tareas/tarea20/hw_image_generator.vhd Line: 35
Warning (10540): VHDL Signal Declaration warning at hw_image_generator.vhd(36): used explicit default value for signal "blue" because signal was never assigned a value File: /home/murry/Documents/UNAM-CLASS-DDM-VHDL/tareas/tarea20/hw_image_generator.vhd Line: 36
Warning (10542): VHDL Variable Declaration warning at hw_image_generator.vhd(45): used initial value expression for variable "x" because variable was never assigned a value File: /home/murry/Documents/UNAM-CLASS-DDM-VHDL/tareas/tarea20/hw_image_generator.vhd Line: 45
Warning (10542): VHDL Variable Declaration warning at hw_image_generator.vhd(46): used initial value expression for variable "y" because variable was never assigned a value File: /home/murry/Documents/UNAM-CLASS-DDM-VHDL/tareas/tarea20/hw_image_generator.vhd Line: 46
Warning (10631): VHDL Process Statement warning at hw_image_generator.vhd(44): inferring latch(es) for signal or variable "red", which holds its previous value in one or more paths through the process File: /home/murry/Documents/UNAM-CLASS-DDM-VHDL/tareas/tarea20/hw_image_generator.vhd Line: 44
Info (10041): Inferred latch for "red[0]" at hw_image_generator.vhd(44) File: /home/murry/Documents/UNAM-CLASS-DDM-VHDL/tareas/tarea20/hw_image_generator.vhd Line: 44
Info (10041): Inferred latch for "red[1]" at hw_image_generator.vhd(44) File: /home/murry/Documents/UNAM-CLASS-DDM-VHDL/tareas/tarea20/hw_image_generator.vhd Line: 44
Info (10041): Inferred latch for "red[2]" at hw_image_generator.vhd(44) File: /home/murry/Documents/UNAM-CLASS-DDM-VHDL/tareas/tarea20/hw_image_generator.vhd Line: 44
Info (10041): Inferred latch for "red[3]" at hw_image_generator.vhd(44) File: /home/murry/Documents/UNAM-CLASS-DDM-VHDL/tareas/tarea20/hw_image_generator.vhd Line: 44
Info (13025): Duplicate LATCH primitives merged into single LATCH primitive
    Info (13026): Duplicate LATCH primitive "hw_image_generator:u3|red[3]" merged with LATCH primitive "hw_image_generator:u3|red[0]" File: /home/murry/Documents/UNAM-CLASS-DDM-VHDL/tareas/tarea20/hw_image_generator.vhd Line: 44
    Info (13026): Duplicate LATCH primitive "hw_image_generator:u3|red[2]" merged with LATCH primitive "hw_image_generator:u3|red[0]" File: /home/murry/Documents/UNAM-CLASS-DDM-VHDL/tareas/tarea20/hw_image_generator.vhd Line: 44
    Info (13026): Duplicate LATCH primitive "hw_image_generator:u3|red[1]" merged with LATCH primitive "hw_image_generator:u3|red[0]" File: /home/murry/Documents/UNAM-CLASS-DDM-VHDL/tareas/tarea20/hw_image_generator.vhd Line: 44
Warning (13024): Output pins are stuck at VCC or GND
    Warning (13410): Pin "green[0]" is stuck at GND File: /home/murry/Documents/UNAM-CLASS-DDM-VHDL/tareas/tarea20/TOP.vhd Line: 15
    Warning (13410): Pin "green[1]" is stuck at GND File: /home/murry/Documents/UNAM-CLASS-DDM-VHDL/tareas/tarea20/TOP.vhd Line: 15
    Warning (13410): Pin "green[2]" is stuck at GND File: /home/murry/Documents/UNAM-CLASS-DDM-VHDL/tareas/tarea20/TOP.vhd Line: 15
    Warning (13410): Pin "green[3]" is stuck at GND File: /home/murry/Documents/UNAM-CLASS-DDM-VHDL/tareas/tarea20/TOP.vhd Line: 15
    Warning (13410): Pin "blue[0]" is stuck at GND File: /home/murry/Documents/UNAM-CLASS-DDM-VHDL/tareas/tarea20/TOP.vhd Line: 16
    Warning (13410): Pin "blue[1]" is stuck at GND File: /home/murry/Documents/UNAM-CLASS-DDM-VHDL/tareas/tarea20/TOP.vhd Line: 16
    Warning (13410): Pin "blue[2]" is stuck at GND File: /home/murry/Documents/UNAM-CLASS-DDM-VHDL/tareas/tarea20/TOP.vhd Line: 16
    Warning (13410): Pin "blue[3]" is stuck at GND File: /home/murry/Documents/UNAM-CLASS-DDM-VHDL/tareas/tarea20/TOP.vhd Line: 16
Info (286030): Timing-Driven Synthesis is running
Info (16010): Generating hard_block partition "hard_block:auto_generated_inst"
    Info (16011): Adding 0 node(s), including 0 DDIO, 0 PLL, 0 transceiver and 0 LCELL
Info (21057): Implemented 134 device resources after synthesis - the final resource count might be different
    Info (21058): Implemented 1 input pins
    Info (21059): Implemented 15 output pins
    Info (21061): Implemented 118 logic cells
Info: Quartus Prime Analysis & Synthesis was successful. 0 errors, 15 warnings
    Info: Peak virtual memory: 981 megabytes
    Info: Processing ended: Wed Apr 29 15:52:01 2020
    Info: Elapsed time: 00:00:16
    Info: Total CPU time (on all processors): 00:00:37


